// Jest Snapshot v1, https://goo.gl/fbAQLP

exports[`Header Component should match with snapshot 1`] = `
Object {
  "asFragment": [Function],
  "baseElement": <body
    class="modal-open"
    data-rr-ui-modal-open=""
    style="padding-right: 1024px;"
  >
    <div />
    <div
      class="fade modal-backdrop show"
    />
    <div
      aria-labelledby="contained-modal-title-vcenter"
      aria-modal="true"
      class="fade modal show"
      role="dialog"
      style="display: block; padding-right: 0px;"
      tabindex="-1"
    >
      <div
        class="modal-dialog modal-lg modal-dialog-centered"
        type="todo"
      >
        <div
          class="modal-content"
        >
          <div
            class="modal-body"
          >
            <div
              class="mb-4 justify-content-between hstack gap-3"
            >
              <h5>
                 Task Details 
              </h5>
              <i
                class="bi bi-pencil-square"
                role="button"
              />
            </div>
            <h6
              class="form-label"
            >
              ðŸ–Š Task Name 
            </h6>
            <p
              class="mx-4 mb-3"
            >
               
                
            </p>
            <h6
              class="form-label"
            >
               ðŸ“ƒ Description 
            </h6>
            <p
              class="mx-4"
            >
               
               
            </p>
          </div>
          <div
            class="modal-footer"
          >
            <button
              class="btn btn-primary"
              hidden=""
              type="button"
            >
              Save
            </button>
            <button
              class="btn btn-primary"
              data-testid="button"
              type="button"
            >
              Close
            </button>
          </div>
        </div>
      </div>
    </div>
  </body>,
  "container": <div />,
  "debug": [Function],
  "findAllByAltText": [Function],
  "findAllByDisplayValue": [Function],
  "findAllByLabelText": [Function],
  "findAllByPlaceholderText": [Function],
  "findAllByRole": [Function],
  "findAllByTestId": [Function],
  "findAllByText": [Function],
  "findAllByTitle": [Function],
  "findByAltText": [Function],
  "findByDisplayValue": [Function],
  "findByLabelText": [Function],
  "findByPlaceholderText": [Function],
  "findByRole": [Function],
  "findByTestId": [Function],
  "findByText": [Function],
  "findByTitle": [Function],
  "getAllByAltText": [Function],
  "getAllByDisplayValue": [Function],
  "getAllByLabelText": [Function],
  "getAllByPlaceholderText": [Function],
  "getAllByRole": [Function],
  "getAllByTestId": [Function],
  "getAllByText": [Function],
  "getAllByTitle": [Function],
  "getByAltText": [Function],
  "getByDisplayValue": [Function],
  "getByLabelText": [Function],
  "getByPlaceholderText": [Function],
  "getByRole": [Function],
  "getByTestId": [Function],
  "getByText": [Function],
  "getByTitle": [Function],
  "queryAllByAltText": [Function],
  "queryAllByDisplayValue": [Function],
  "queryAllByLabelText": [Function],
  "queryAllByPlaceholderText": [Function],
  "queryAllByRole": [Function],
  "queryAllByTestId": [Function],
  "queryAllByText": [Function],
  "queryAllByTitle": [Function],
  "queryByAltText": [Function],
  "queryByDisplayValue": [Function],
  "queryByLabelText": [Function],
  "queryByPlaceholderText": [Function],
  "queryByRole": [Function],
  "queryByTestId": [Function],
  "queryByText": [Function],
  "queryByTitle": [Function],
  "rerender": [Function],
  "unmount": [Function],
}
`;
